[Aeros CPU] Building for x64 ...
[Aeros CPU] Version: 1.5.0 Arch: x64
[Aeros CPU] LibDir: D:\a\Aeros-Engine\Aeros-Engine\aeros\..\libs GLFW: lib-vc2022
[Aeros CPU] Compiling glad.c...
Microsoft (R) C/C++ Optimizing Compiler Version 19.51.36260 for x64
Copyright (C) Microsoft Corporation.  All rights reserved.

glad.c
[Aeros CPU] Compiling C++ files...
Microsoft (R) C/C++ Optimizing Compiler Version 19.51.36260 for x64
Copyright (C) Microsoft Corporation.  All rights reserved.

main.cpp
C:\Program Files (x86)\Windows Kits\10\\include\10.0.26100.0\\shared\minwindef.h(130): warning C4005: 'APIENTRY': macro redefinition
D:\a\Aeros-Engine\Aeros-Engine\aeros\..\libs\glad\include\glad/glad.h(32): note: see previous definition of 'APIENTRY'
Microsoft (R) C/C++ Optimizing Compiler Version 19.51.36260 for x64
Copyright (C) Microsoft Corporation.  All rights reserved.

globals.cpp
Microsoft (R) C/C++ Optimizing Compiler Version 19.51.36260 for x64
Copyright (C) Microsoft Corporation.  All rights reserved.

input.cpp
Microsoft (R) C/C++ Optimizing Compiler Version 19.51.36260 for x64
Copyright (C) Microsoft Corporation.  All rights reserved.

gl_utils.cpp
C:\Program Files (x86)\Windows Kits\10\\include\10.0.26100.0\\shared\minwindef.h(130): warning C4005: 'APIENTRY': macro redefinition
D:\a\Aeros-Engine\Aeros-Engine\aeros\..\libs\glad\include\glad/glad.h(32): note: see previous definition of 'APIENTRY'
Microsoft (R) C/C++ Optimizing Compiler Version 19.51.36260 for x64
Copyright (C) Microsoft Corporation.  All rights reserved.

stl_loader.cpp
Microsoft (R) C/C++ Optimizing Compiler Version 19.51.36260 for x64
Copyright (C) Microsoft Corporation.  All rights reserved.

voxel_grid.cpp
Microsoft (R) C/C++ Optimizing Compiler Version 19.51.36260 for x64
Copyright (C) Microsoft Corporation.  All rights reserved.

flow_field.cpp
Microsoft (R) C/C++ Optimizing Compiler Version 19.51.36260 for x64
Copyright (C) Microsoft Corporation.  All rights reserved.

particles.cpp
Microsoft (R) C/C++ Optimizing Compiler Version 19.51.36260 for x64
Copyright (C) Microsoft Corporation.  All rights reserved.

streamlines.cpp
Microsoft (R) C/C++ Optimizing Compiler Version 19.51.36260 for x64
Copyright (C) Microsoft Corporation.  All rights reserved.

forces.cpp
Microsoft (R) C/C++ Optimizing Compiler Version 19.51.36260 for x64
Copyright (C) Microsoft Corporation.  All rights reserved.

model.cpp
Microsoft (R) C/C++ Optimizing Compiler Version 19.51.36260 for x64
Copyright (C) Microsoft Corporation.  All rights reserved.

ui.cpp
Microsoft (R) C/C++ Optimizing Compiler Version 19.51.36260 for x64
Copyright (C) Microsoft Corporation.  All rights reserved.

test_mode.cpp
Microsoft (R) C/C++ Optimizing Compiler Version 19.51.36260 for x64
Copyright (C) Microsoft Corporation.  All rights reserved.

lbm.cpp
Microsoft (R) C/C++ Optimizing Compiler Version 19.51.36260 for x64
Copyright (C) Microsoft Corporation.  All rights reserved.

atmosphere.cpp
Microsoft (R) C/C++ Optimizing Compiler Version 19.51.36260 for x64
Copyright (C) Microsoft Corporation.  All rights reserved.

cuda_stub.cpp
Microsoft (R) C/C++ Optimizing Compiler Version 19.51.36260 for x64
Copyright (C) Microsoft Corporation.  All rights reserved.

imgui.cpp
Microsoft (R) C/C++ Optimizing Compiler Version 19.51.36260 for x64
Copyright (C) Microsoft Corporation.  All rights reserved.

imgui_draw.cpp
Microsoft (R) C/C++ Optimizing Compiler Version 19.51.36260 for x64
Copyright (C) Microsoft Corporation.  All rights reserved.

imgui_tables.cpp
Microsoft (R) C/C++ Optimizing Compiler Version 19.51.36260 for x64
Copyright (C) Microsoft Corporation.  All rights reserved.

imgui_widgets.cpp
Microsoft (R) C/C++ Optimizing Compiler Version 19.51.36260 for x64
Copyright (C) Microsoft Corporation.  All rights reserved.

imgui_impl_glfw.cpp
Microsoft (R) C/C++ Optimizing Compiler Version 19.51.36260 for x64
Copyright (C) Microsoft Corporation.  All rights reserved.

imgui_impl_opengl3.cpp
[Aeros CPU] Linking...
Microsoft (R) Incremental Linker Version 14.51.36260.0
Copyright (C) Microsoft Corporation.  All rights reserved.

lbm.obj : error LNK2005: "bool __cdecl testLBMConservation(void)" (?testLBMConservation@@YA_NXZ) already defined in test_mode.obj
bin\main-x64.exe : fatal error LNK1169: one or more multiply defined symbols found
[ERROR] Link failed
