[Aeros CPU] Building for x64 ...
[Aeros CPU] Version: 1.0.0 Arch: x64
[Aeros CPU] LibDir: D:\a\Aeros-Engine\Aeros-Engine\aeros\..\libs GLFW: lib-vc2022
[Aeros CPU] Compiling glad.c...
Microsoft (R) C/C++ Optimizing Compiler Version 19.51.36260 for x64
Copyright (C) Microsoft Corporation.  All rights reserved.

glad.c
[Aeros CPU] Compiling C++ files...
Microsoft (R) C/C++ Optimizing Compiler Version 19.51.36260 for x64
Copyright (C) Microsoft Corporation.  All rights reserved.

main.cpp
C:\Program Files (x86)\Windows Kits\10\\include\10.0.26100.0\\shared\minwindef.h(130): warning C4005: 'APIENTRY': macro redefinition
D:\a\Aeros-Engine\Aeros-Engine\aeros\..\libs\glad\include\glad/glad.h(32): note: see previous definition of 'APIENTRY'
Microsoft (R) C/C++ Optimizing Compiler Version 19.51.36260 for x64
Copyright (C) Microsoft Corporation.  All rights reserved.

globals.cpp
Microsoft (R) C/C++ Optimizing Compiler Version 19.51.36260 for x64
Copyright (C) Microsoft Corporation.  All rights reserved.

input.cpp
Microsoft (R) C/C++ Optimizing Compiler Version 19.51.36260 for x64
Copyright (C) Microsoft Corporation.  All rights reserved.

gl_utils.cpp
C:\Program Files (x86)\Windows Kits\10\\include\10.0.26100.0\\shared\minwindef.h(130): warning C4005: 'APIENTRY': macro redefinition
D:\a\Aeros-Engine\Aeros-Engine\aeros\..\libs\glad\include\glad/glad.h(32): note: see previous definition of 'APIENTRY'
Microsoft (R) C/C++ Optimizing Compiler Version 19.51.36260 for x64
Copyright (C) Microsoft Corporation.  All rights reserved.

stl_loader.cpp
Microsoft (R) C/C++ Optimizing Compiler Version 19.51.36260 for x64
Copyright (C) Microsoft Corporation.  All rights reserved.

voxel_grid.cpp
Microsoft (R) C/C++ Optimizing Compiler Version 19.51.36260 for x64
Copyright (C) Microsoft Corporation.  All rights reserved.

flow_field.cpp
Microsoft (R) C/C++ Optimizing Compiler Version 19.51.36260 for x64
Copyright (C) Microsoft Corporation.  All rights reserved.

particles.cpp
Microsoft (R) C/C++ Optimizing Compiler Version 19.51.36260 for x64
Copyright (C) Microsoft Corporation.  All rights reserved.

streamlines.cpp
Microsoft (R) C/C++ Optimizing Compiler Version 19.51.36260 for x64
Copyright (C) Microsoft Corporation.  All rights reserved.

forces.cpp
Microsoft (R) C/C++ Optimizing Compiler Version 19.51.36260 for x64
Copyright (C) Microsoft Corporation.  All rights reserved.

model.cpp
Microsoft (R) C/C++ Optimizing Compiler Version 19.51.36260 for x64
Copyright (C) Microsoft Corporation.  All rights reserved.

ui.cpp
Microsoft (R) C/C++ Optimizing Compiler Version 19.51.36260 for x64
Copyright (C) Microsoft Corporation.  All rights reserved.

cuda_stub.cpp
src\cuda_stub.cpp(38): error C2526: 'computeVelocityFieldCPU': C linkage function cannot return C++ class 'glm::vec<3,float,glm::packed_highp>'
D:\a\Aeros-Engine\Aeros-Engine\libs\glm\glm\detail/qualifier.hpp(35): note: see declaration of 'glm::vec<3,float,glm::packed_highp>'
src\cuda_stub.cpp(39): error C2526: 'sdfNormalCPU': C linkage function cannot return C++ class 'glm::vec<3,float,glm::packed_highp>'
D:\a\Aeros-Engine\Aeros-Engine\libs\glm\glm\detail/qualifier.hpp(35): note: see declaration of 'glm::vec<3,float,glm::packed_highp>'
src\cuda_stub.cpp(47): error C2440: 'initializing': cannot convert from 'void' to 'glm::vec<3,float,glm::packed_highp>'
src\cuda_stub.cpp(47): note: Expressions of type void cannot be converted to other types
src\cuda_stub.cpp(58): error C2440: 'initializing': cannot convert from 'void' to 'glm::vec<3,float,glm::packed_highp>'
src\cuda_stub.cpp(58): note: Expressions of type void cannot be converted to other types
