[Aeros CPU] Building for x64 ...
[Aeros CPU] Version: 1.18.0 Arch: x64
[Aeros CPU] LibDir: D:\a\Aeros-Engine\Aeros-Engine\aeros\..\libs GLFW: lib-vc2022
[Aeros CPU] Compiling glad.c...
Microsoft (R) C/C++ Optimizing Compiler Version 19.51.36260 for x64
Copyright (C) Microsoft Corporation.  All rights reserved.

glad.c
[Aeros CPU] Compiling C++ files...
Microsoft (R) C/C++ Optimizing Compiler Version 19.51.36260 for x64
Copyright (C) Microsoft Corporation.  All rights reserved.

main.cpp
Microsoft (R) C/C++ Optimizing Compiler Version 19.51.36260 for x64
Copyright (C) Microsoft Corporation.  All rights reserved.

globals.cpp
Microsoft (R) C/C++ Optimizing Compiler Version 19.51.36260 for x64
Copyright (C) Microsoft Corporation.  All rights reserved.

input.cpp
Microsoft (R) C/C++ Optimizing Compiler Version 19.51.36260 for x64
Copyright (C) Microsoft Corporation.  All rights reserved.

gl_utils.cpp
Microsoft (R) C/C++ Optimizing Compiler Version 19.51.36260 for x64
Copyright (C) Microsoft Corporation.  All rights reserved.

stl_loader.cpp
Microsoft (R) C/C++ Optimizing Compiler Version 19.51.36260 for x64
Copyright (C) Microsoft Corporation.  All rights reserved.

voxel_grid.cpp
Microsoft (R) C/C++ Optimizing Compiler Version 19.51.36260 for x64
Copyright (C) Microsoft Corporation.  All rights reserved.

flow_field.cpp
Microsoft (R) C/C++ Optimizing Compiler Version 19.51.36260 for x64
Copyright (C) Microsoft Corporation.  All rights reserved.

particles.cpp
Microsoft (R) C/C++ Optimizing Compiler Version 19.51.36260 for x64
Copyright (C) Microsoft Corporation.  All rights reserved.

streamlines.cpp
Microsoft (R) C/C++ Optimizing Compiler Version 19.51.36260 for x64
Copyright (C) Microsoft Corporation.  All rights reserved.

forces.cpp
src\forces.cpp(261): error C2660: 'computeVelocityFieldCPU': function does not take 1 arguments
D:\a\Aeros-Engine\Aeros-Engine\aeros\src\flow_field.h(12): note: see declaration of 'computeVelocityFieldCPU'
src\forces.cpp(261): note: while trying to match the argument list '(glm::vec<3,float,glm::packed_highp>)'
src\forces.cpp(261): error C2660: 'computeVelocityFieldCPU': function does not take 1 arguments
D:\a\Aeros-Engine\Aeros-Engine\aeros\src\flow_field.h(12): note: see declaration of 'computeVelocityFieldCPU'
src\forces.cpp(261): note: while trying to match the argument list '(glm::vec<3,float,glm::packed_highp>)'
src\forces.cpp(261): error C2088: built-in operator '-' cannot be applied to an operand of type 'glm::vec3'
